
// ==========================================================================
//  GPPG error listing for yacc source file <parser.y - 3/21/2017 8:10:17 PM>
// ==========================================================================
//  Version:  1.5.2
//  Machine:  DESKTOP-VKITI27
//  DateTime: 3/21/2017 8:10:21 PM
//  UserName: Juan Camilo
// ==========================================================================


%namespace GPLexTutorial

%union
{
    public int num;
    public string name;
    public float floatValue;
    public string stringValue;
    public bool boolValue;
}

%token <num> NUMBER
%token <name> IDENT
%token <floatValue> FLOATLITERAL
%token <stringValue> STRINGLITERAL
%token <boolValue> BOOL
%token EOF ABSTRACT ASSERT BOOLEAN BREAK BYTE CASE CATCH CHAR CLASS CONST CONTINUE DEFAULT DO DOUBLE ELSE ENUM EXTENDS FINAL FINALLY FLOAT FOR IF GOTO IMPLEMENTS IMPORT INSTANCEOF INT INTERFACE LONG NATIVE NEW PACKAGE PRIVATE PROTECTED PUBLIC RETURN SHORT STATIC STRICTFP SUPER SWITCH SYNCHRONIZED THIS THROW THROWS TRANSIENT TRY VOID VOLATILE WHILE IntegerLiteral CharacterLiteral NULL OPERATOR TRUE FALSE EndOfLineComment TraditionalComment


%left '='
%nonassoc '<'
%left '+'

%%
// Error: NonTerminal symbol "AnnotationTypeDeclaration" has no productions
// Warning: Terminating AnnotationTypeDeclaration fixes the following size-1 NonTerminal set
   // {AnnotationTypeDeclaration}
// Error: There are 1 non-terminating NonTerminal Symbols
   //  {AnnotationTypeDeclaration}
// -----------------------------------------------------------------------------------------



CompilationUnit : 
	PackageDeclarations ImportDeclarations TypeDeclarations;

PackageDeclarations:
	PackageDeclaration
	|	PackageDeclaration PackageDeclarations;

PackageDeclaration:
	PackageModifiers PACKAGE IDENT ColonSeparatedIdents ';';

PackageModifiers:
	PackageModifier
	|	PackageModifier PackageModifiers
	|	/* empty */;

PackageModifier:
	Annotation;

Annotations:
	Annotation
	|	Annotation Annotations
	|	/* empty */;

Annotation:
	NormalAnnotation 
	|	MarkerAnnotation
	|	SingleElementAnnotation;

ColonSeparatedIdents:
	'.' IDENT
	|	'.' IDENT ColonSeparatedIdents
	|	/* empty */;

NormalAnnotation:
	/* empty */;

MarkerAnnotation:
	/* empty */;

SingleElementAnnotation:
	/* empty */;

ImportDeclarations :	
		ImportDeclaration
	|	ImportDeclaration ImportDeclarations
	|	/* empty */;

ImportDeclaration:		
	SingleTypeImportDeclaration 
	|	TypeImportOnDemandDeclaration
	|	SingleStaticImportDeclaration 
	|	StaticImportOnDemandDeclaration;


TypeDeclarations:		
		TypeDeclaration
	|	TypeDeclaration TypeDeclarations
	|	/* empty */;

TypeDeclaration:		
		ClassDeclaration 
	|	InterfaceDeclaration;

ClassDeclaration:		
		NormalClassDeclaration 
	|	EnumDeclaration;

NormalClassDeclaration: 
	ClassModifiers CLASS IDENT TypeParameters Superclasses Superinterfaces '{' ClassBody '}';

Superclasses:
	Superclass
	|	Superclass Superclasses
	|	/* empty */;

Superclass:
	EXTENDS ClassType;

ClassType:
	Annotations IDENT TypeArguments
	| ClassOrInterfaceType '.' Annotations IDENT TypeArguments;

ClassOrInterfaceType:
	ClassType
	|	InterfaceType;

TypeArguments:
	/* empty */;

Superinterfaces:
	IMPLEMENTS InterfaceTypeList
	|	/* empty */;

InterfaceTypeList:
	InterfaceType ComaSeparatedInterfaceTypeList;

ComaSeparatedInterfaceTypeList:
	',' InterfaceType
	|	',' InterfaceType ComaSeparatedInterfaceTypeList
	|	/* empty */;

InterfaceType:
	ClassType;

ClassModifiers:			
		ClassModifier
	|	ClassModifier ClassModifiers
	|	/* empty */;

ClassModifier:		
		PUBLIC 
	|	PROTECTED 
	|	PRIVATE
	|	ABSTRACT
	|	STATIC
	|	FINAL;

ClassBody:
	/* empty */;


EnumDeclaration : 
	ClassModifiers ENUM IDENT Superinterfaces EnumBody;
EnumBody:			
	'{' /* empty */ '}';

InterfaceDeclaration : 
	NormalInterfaceDeclaration 
	|	AnnotationTypeDeclaration ;

NormalInterfaceDeclaration:
	InterfaceModifiers INTERFACE IDENT TypeParameters ExtendsInterfaces InterfaceBody;

TypeParameters : 
	/* empty */;

ExtendsInterfaces:
	EXTENDS InterfaceTypeList;

InterfaceBody:
	'{' /* empty */ '}';

InterfaceModifiers :	
		InterfaceModifier
	|	InterfaceModifier InterfaceModifiers
	|	/* empty */;

InterfaceModifier:		
		PUBLIC 
	|	PROTECTED 
	|	PRIVATE
	|	ABSTRACT
	|	STATIC;

SingleTypeImportDeclaration : 
	IMPORT TypeName ';' ;

TypeImportOnDemandDeclaration:
	IMPORT PackageOrTypeName '.' '*' ';';

SingleStaticImportDeclaration:
	IMPORT STATIC TypeName ';';

StaticImportOnDemandDeclaration:
	IMPORT STATIC PackageOrTypeName '.' '*' ';';

TypeName:	
		IDENT
	|	PackageOrTypeName '.' IDENT ;

PackageOrTypeName:		
		IDENT 
	|	PackageOrTypeName '.' IDENT ;



%%

public Parser(Scanner scanner) : base(scanner)
{
}
// ==========================================================================

