
// ==========================================================================
//  GPPG error listing for yacc source file <parser.y - 3/21/2017 12:06:43 AM>
// ==========================================================================
//  Version:  1.5.2
//  Machine:  DESKTOP-VKITI27
//  DateTime: 3/21/2017 12:06:44 AM
//  UserName: Juan Camilo
// ==========================================================================


%namespace GPLexTutorial

%union
{
    public int num;
    public string name;
    public float floatValue;
    public string stringValue;
    public bool boolValue;
}

%token <num> NUMBER
%token <name> IDENT
%token <floatValue> FLOATLITERAL
%token <stringValue> STRINGLITERAL
%token <boolValue> BOOL
%token EOF ABSTRACT ASSERT BOOLEAN BREAK BYTE CASE CATCH CHAR CLASS CONST CONTINUE DEFAULT DO DOUBLE ELSE ENUM EXTENDS FINAL FINALLY FLOAT FOR IF GOTO IMPLEMENTS IMPORT INSTANCEOF INT INTERFACE LONG NATIVE NEW PACKAGE PRIVATE PROTECTED PUBLIC RETURN SHORT STATIC STRICTFP SUPER SWITCH SYNCHRONIZED THIS THROW THROWS TRANSIENT TRY VOID VOLATILE WHILE IntegerLiteral CharacterLiteral NULL OPERATOR TRUE FALSE 


%left '='
%nonassoc '<'
%left '+'

%%
// Error: NonTerminal symbol "ClassModifier" has no productions
// Warning: Terminating ClassModifier fixes the following size-1 NonTerminal set
   // {ClassModifier}
// Error: There are 1 non-terminating NonTerminal Symbols
   //  {ClassModifier}
// -----------------------------------------------------------------------------

CompilationUnit : ImportDeclarations TypeDeclarations
        ;

ImportDeclarations :	ImportDeclaration
					|	ImportDeclaration ImportDeclarations
					|	nothing;

ImportDeclaration:		SingleTypeImportDeclaration ;

TypeDeclarations:		TypeDeclaration
					|	TypeDeclaration TypeDeclarations
					|	nothing;

TypeDeclaration:		ClassDeclaration 
					|	InterfaceDeclaration;

ClassDeclaration:		NormalClassDeclaration 
					|	EnumDeclaration ;

NormalClassDeclaration: ClassModifiers CLASS;

ClassModifiers:			ClassModifier
					//|	ClassModifier ClassModifiers
					|	nothing;



EnumDeclaration : nothing;

InterfaceDeclaration : nothing;

SingleTypeImportDeclaration : IMPORT TypeName ';' ;

TypeName			:	IDENT
					|	PackageOrTypeName '.' IDENT ;

PackageOrTypeName:		IDENT 
					|	PackageOrTypeName '.' IDENT ;

nothing: /* empty */;

%%

public Parser(Scanner scanner) : base(scanner)
{
}
// ==========================================================================

